[mc-blaze.com/index.html]
[backblue.gif]
[fade.gif]
[index.html]
[mc-blaze.com/assets/built/main4652.css]
[mc-blaze.com/assets/built/globals4652.css]
[ajax.googleapis.com/ajax/libs/jquery/1.7.1/jquery.min.js]
[cdn.jsdelivr.net/npm/@mdi/font@5.9.55/css/materialdesignicons.min.css]
[mc-blaze.com/favicon.png]
[mc-blaze.com/public/cards.min4652.js]
[mc-blaze.com/public/cards.min4652.css]
[mc-blaze.com/assets/built/ndzn-head4652.js]
[mc-blaze.com/assets/images/svg/discord-mobile4652.svg]
[mc-blaze.com/rss/index.html]
[mc-blaze.com/assets/images/vote-char4652.png]
[mc-blaze.com/assets/images/store-char4652.png]
[mc-blaze.com/staff/index.html]
[mc-blaze.com/content/images/size/w2000/2022/06/hus0000.png]
[mc-blaze.com/content/images/size/w2000/2022/04/blazingtidenologo2.png]
[mc-blaze.com/vote/index.html]
[mc-blaze.com/content/images/size/w2000/2022/04/blazeaquafinal-2.png]
[mc-blaze.com/how-to-play/index.html]
[mc-blaze.com/rules/index.html]
[mc-blaze.com/support/index.html]
[mc-blaze.com/content/images/size/w2000/2022/04/blazingtidelogo.png]
[mc-blaze.com/survival-1-19-reset-2/index.html]
[mc-blaze.com/skyblock-reset/index.html]
[mc-blaze.com/blaze-pixelmon-reset/index.html]
[mc-blaze.com/skyblock-release/index.html]
[mc-blaze.com/appeal-a-punishment/index.html]
[mc-blaze.com/assets/images/svg/discord4652.svg]
[cdnjs.cloudflare.com/ajax/libs/axios/0.21.1/axios.min.js]
[cdnjs.cloudflare.com/ajax/libs/clipboard.js/2.0.0/clipboard.min.js]
[mc-blaze.com/index.html]
[mc-blaze.com/assets/built/ndzn4652.js]
[mc-blaze.com/assets/images/background.png]
[mc-blaze.com/assets/images/logo-big.png]
[i.imgur.com/YPZaTKk.png]
[mc-blaze.com/assets/built/main4652.css]
[mc-blaze.com/assets/built/globals4652.css]
[cdn.jsdelivr.net/npm/@mdi/font@5.9.55/css/materialdesignicons.min.css]
[mc-blaze.com/public/cards.min4652.css]
[cdn.jsdelivr.net/gh/alpinejs/alpine@v2.x.x/dist/alpine.min.js]
[mc-blaze.com/vote/index.html]
[tally.so/widgets/embed.js]
[mc-blaze.com/staff/index.html]
[mc-blaze.com/content/images/size/w2000/2022/03/2020-07-01_02.22.22.png]
[mc-blaze.com/how-to-play/index.html]
[mc-blaze.com/pixelmon-rules/index.html]
[i.imgur.com/gl6Csx9.png]
[mc-blaze.com/skyblock-rules/index.html]
[i.imgur.com/XLSSyBx.png]
[i.imgur.com/PlWEozp.png]
[mc-blaze.com/survival-rules/index.html]
[mc-blaze.com/discord-rules/index.html]
[i.imgur.com/HdGd4X7.png]
[mc-blaze.com/rules/index.html]
[mc-blaze.com/support/index.html]
[mc-blaze.com/assets/images/svg/discord-mobile4652.svg]
[mc-blaze.com/content/images/2022/06/cfdad55acaf23f7962432ded844eabcc.png]
[mc-blaze.com/content/images/2022/06/fdf7446743a88dd258e4fbbf637ca49d.jpg]
[mc-blaze.com/content/images/2022/06/816d2852520900ab891a8a139ed6866d.png]
[mc-blaze.com/content/images/2022/06/2b6fe0d53674da14555af61cbb1810af.jpg]
[mc-blaze.com/content/images/2022/06/13a1b5dfe5638834e958370d40b65b5c.jpg]
[mc-blaze.com/content/images/2022/06/image-2.png]
[mc-blaze.com/content/images/2022/06/9a67da52765fcd032ea4e5501a0ba9e2.jpg]
[mc-blaze.com/content/images/2022/06/47c441570e1913d1059ce6db30cdea59.jpg]
[mc-blaze.com/content/images/2022/06/d589a5719274b407b0aa74e334f51ba7.jpg]
[i.gyazo.com/1812904b5365fc5780a27fe86725f081.jpg]
[i.gyazo.com/945d1763d1d88bd49de011b1b2cb96b8.png]
[i.gyazo.com/ab7084b8c0fd9c09b8d4aba5111bbca3.jpg]
[i.gyazo.com/6ab0d460eaf6e4f8d0221592c3bedfd4.png]
[i.gyazo.com/af931e73146c65fda727abdeea4a0e47.jpg]
[i.gyazo.com/865323ff9e778d774450511cd573dcab.png]
[i.gyazo.com/9ab52203c7df70c82b672d4148e8d213.jpg]
[i.gyazo.com/c8875d9b2578f3c551c0319639ece3b0.png]
[i.gyazo.com/79e3afe028a9685ba01dd6ff9e4d36ea.jpg]
[i.gyazo.com/0b260c421ef7513f95432984e9e6358c.png]
[i.gyazo.com/7ca56ffca538643c1060788281d81ebd.jpg]
[i.gyazo.com/206d2ba848a320aeeda9e454bd844c1c.png]
[i.gyazo.com/370b77e4b7a08280b6573e06d78bbbf9.jpg]
[mc-blaze.com/content/images/2022/06/27488e123cb622965835a01a0746ce0a-1.jpg]
[mc-blaze.com/content/images/2022/06/a63308aab23dc0bd9be2f273ce24ffce.jpg]
[mc-blaze.com/content/images/2022/06/300f142114745f8403e0414a687e2fa3.jpg]
[mc-blaze.com/content/images/2022/06/d0d0509f081f1f2a2f875e8192e151b1.jpg]
[mc-blaze.com/content/images/2022/06/2fb4e76efa5b27362fc6446e927e4ae1.jpg]
[i.gyazo.com/81d69a5542667d3b2f7e3d1c82db7b71.png]
[i.gyazo.com/b0b8602f57d73b845d6374d9506ece89.png]
[i.gyazo.com/836cf428476c28fc4e7033743e25aac6.png]
[i.gyazo.com/643fa658874bc7fab4407a37de2c1134.jpg]
[i.gyazo.com/a67fb6b930a1b9ab0a3757c431edd604.png]
[i.gyazo.com/461882f2e169c77ee05b11e086912283.png]
[i.gyazo.com/736b6d66b91cf48f57ae791a594a6bfe.png]
[i.gyazo.com/033a574d3aabc1a1a336c736906a7612.png]
[i.gyazo.com/1e5bbe23d7eb9fb1bb9d6bd9d8150b4b.png]
[i.gyazo.com/478255b274b8f090a8ff31cec9b20821.png]
[mc-blaze.com/content/images/2022/06/Pterodactyl_2.png]
[mc-blaze.com/content/images/2022/06/Raptor2.png]
[mc-blaze.com/content/images/2022/06/Stegosaurus_2.png]
[mc-blaze.com/content/images/2022/06/Trex_2.png]
[mc-blaze.com/content/images/2022/06/Triceratops_2.png]
[i.gyazo.com/930bfb9f57bc91e1d006f7fb69622f79.png]
[mc-blaze.com/content/images/2022/06/image-1.png]
[mc-blaze.com/content/images/2022/06/image.png]
[mc-blaze.com/author/terminated/index.html]
[mc-blaze.com/content/images/size/w100/2022/04/pfpp.png]
[mc-blaze.com/survival-1-19-reset-2/index.html]
[mc-blaze.com/tag/skyblock/index.html]
[mc-blaze.com/content/images/2022/04/image-1.png]
[mc-blaze.com/content/images/2022/04/2022-04-17_16.55.54.png]
[mc-blaze.com/content/images/2022/04/2022-04-17_16.55.48.png]
[mc-blaze.com/content/images/2022/04/2022-04-17_16.55.21.png]
[mc-blaze.com/content/images/2022/04/basilisk-1.png]
[mc-blaze.com/content/images/2022/04/dryad-1.png]
[mc-blaze.com/content/images/2022/04/merfolk-1.png]
[mc-blaze.com/content/images/2022/04/image-2.png]
[mc-blaze.com/content/images/2022/04/hellhound-1.png]
[mc-blaze.com/content/images/2022/04/image-10.png]
[mc-blaze.com/content/images/2022/04/image-6.png]
[mc-blaze.com/content/images/2022/04/image-8.png]
[mc-blaze.com/content/images/2022/04/image-5.png]
[mc-blaze.com/content/images/2022/04/image-9.png]
[mc-blaze.com/content/images/2022/04/image-7.png]
[mc-blaze.com/skyblock-reset/index.html]
[mc-blaze.com/tag/pixelmon/index.html]
[mc-blaze.com/content/images/2022/04/fernospawn-1.png]
[mc-blaze.com/author/blazejon/index.html]
[mc-blaze.com/reset-changelog/index.html]
[mc-blaze.com/content/images/size/w100/2022/03/7eb41b543f22d4fcfa8d0f59a566e119d12b6cbc_hq-1.jpg]
[mc-blaze.com/blaze-pixelmon-reset/index.html]
[mc-blaze.com/content/images/2022/04/basilisk.png]
[mc-blaze.com/content/images/2022/04/dryad.png]
[mc-blaze.com/content/images/2022/04/merfolk.png]
[mc-blaze.com/content/images/2022/04/cyclops.png]
[mc-blaze.com/content/images/2022/04/image.png]
[mc-blaze.com/content/images/2022/04/596d634d7afc02013b2e6f77e58972f4.png]
[mc-blaze.com/content/images/2022/04/5abbc69fcdb7942e4c1d7da9a208a1b2.png]
[mc-blaze.com/content/images/2022/04/37148fb898af22960cbb7cbddfd559e5.png]
[mc-blaze.com/content/images/2022/04/e1259c8104ed4e3763644b4f637439f5.png]
[mc-blaze.com/content/images/2022/04/9cea5e3e80b5c0a58b08dcc638a138ab.png]
[mc-blaze.com/content/images/2022/04/e2b85fb29c93ea14d56f7345c3a82261.png]
[mc-blaze.com/content/images/2022/04/6182d0081f3201edd7767fdd6a1bb8f3.png]
[mc-blaze.com/content/images/2022/04/blazingtidenologo.png]
[mc-blaze.com/skyblock-release/index.html]
[mc-blaze.com/appeal-a-punishment/index.html]
[mc-blaze.com/assets/images/svg/discord4652.svg]
[mc-blaze.com/content/images/size/w2000/2022/03/2021-02-28_15.43.png]
[mc-blaze.com/pixelmon-rules/index.html]
[mc-blaze.com/content/images/size/w2000/2022/03/SkyblockRulesBanner.png]
[mc-blaze.com/vanilla-mods/index.html]
[i.imgur.com/G4ZjQg4.png]
[mc-blaze.com/skyblock-rules/index.html]
[mc-blaze.com/content/images/size/w2000/2022/03/SurvivalRulesBanner.png]
[mc-blaze.com/survival-rules/index.html]
[mc-blaze.com/discord-rules/index.html]
[mc-blaze.com/content/images/2022/04/pfpp.png]
[mc-blaze.com/author/terminated/index.html]
[mc-blaze.com/tag/skyblock/index.html]
[mc-blaze.com/tag/pixelmon/index.html]
[mc-blaze.com/content/images/size/w2000/2022/04/Changelog-1.png]
[mc-blaze.com/reset-changelog/index.html]
[mc-blaze.com/content/images/2022/03/7eb41b543f22d4fcfa8d0f59a566e119d12b6cbc_hq-1.jpg]
[mc-blaze.com/author/blazejon/index.html]
[mc-blaze.com/vanilla-mods/index.html]
